// Jest Snapshot v1, https://goo.gl/fbAQLP

exports[`Thumbnail should renders default 1`] = `
<styled.button
  onClick={[Function]}
>
  My Own Button
</styled.button>
`;
