// Jest Snapshot v1, https://goo.gl/fbAQLP

exports[`Editor should renders as connected 1`] = `
<Component
  deleteContent={[Function]}
  name="Presentation 1st"
  store={
    Object {
      "clearActions": [Function],
      "dispatch": [Function],
      "getActions": [Function],
      "getState": [Function],
      "replaceReducer": [Function],
      "subscribe": [Function],
    }
  }
  storeSubscription={
    Subscription {
      "listeners": Object {
        "clear": [Function],
        "get": [Function],
        "notify": [Function],
        "subscribe": [Function],
      },
      "onStateChange": [Function],
      "parentSub": undefined,
      "store": Object {
        "clearActions": [Function],
        "dispatch": [Function],
        "getActions": [Function],
        "getState": [Function],
        "replaceReducer": [Function],
        "subscribe": [Function],
      },
      "unsubscribe": [Function],
    }
  }
/>
`;

exports[`Editor should renders default 1`] = `
<styled.div
  onKeyPress={[Function]}
  tabIndex={0}
>
  <HelmetWrapper
    defer={true}
    encodeSpecialCharacters={true}
  >
    <title>
      My Project
       - Slap
    </title>
  </HelmetWrapper>
  <HeaderContainer />
  <ToolbarContainer />
  <styled.div>
    <SlideListContainer />
    <MainSlideContainer />
  </styled.div>
</styled.div>
`;
