// Jest Snapshot v1, https://goo.gl/fbAQLP

exports[`HeaderContainer should renders as connected 1`] = `
<Component
  name="My Project"
  onChangeName={[Function]}
  onClickClose={[Function]}
  onClickPlay={[Function]}
  store={
    Object {
      "clearActions": [Function],
      "dispatch": [Function],
      "getActions": [Function],
      "getState": [Function],
      "replaceReducer": [Function],
      "subscribe": [Function],
    }
  }
  storeSubscription={
    Subscription {
      "listeners": Object {
        "clear": [Function],
        "get": [Function],
        "notify": [Function],
        "subscribe": [Function],
      },
      "onStateChange": [Function],
      "parentSub": undefined,
      "store": Object {
        "clearActions": [Function],
        "dispatch": [Function],
        "getActions": [Function],
        "getState": [Function],
        "replaceReducer": [Function],
        "subscribe": [Function],
      },
      "unsubscribe": [Function],
    }
  }
/>
`;

exports[`HeaderContainer should renders default 1`] = `
<Header
  name="My Project"
  onChangeName={[Function]}
  onClickClose={[Function]}
  onClickPlay={[Function]}
/>
`;
